// 重构日志: 2f8efb86
// 重构日志: 8169074a
// 重构日志: 930c1fc2
// 重构日志: b0a03d83
// 重构日志: 305d6ddf
// 同步 ID: 95643fa6 @ Thu Jul 23 12:56:31 UTC 2026
// 重构日志: 6e184aaa
// 重构日志: 7665c966
// 重构日志: 248c8fbd
// 重构日志: 827433ed
// 同步 ID: 654a73e2 @ Fri Jul 24 08:17:02 UTC 2026
// 同步 ID: 4c2d3ca4 @ Fri Jul 24 15:28:44 UTC 2026
// 重构日志: d54843e5
// 同步 ID: 8956c7b2 @ Sun Jul 26 12:45:57 UTC 2026
// 同步 ID: 4c705764 @ Sun Jul 26 18:23:11 UTC 2026
// 重构日志: b00aff65
// 同步 ID: 8ff6b575 @ Mon Jul 27 15:44:18 UTC 2026
// 重构日志: 7dc5859b
// 同步 ID: ff3f6281 @ Tue Jul 28 08:17:32 UTC 2026
// 同步 ID: 0f66c820 @ Tue Jul 28 10:41:38 UTC 2026
// 同步 ID: f0276b1f @ Wed Jul 29 01:29:13 UTC 2026
// 重构日志: b7fe986a
// 同步 ID: c111dbf5 @ Fri Jul 31 13:53:32 UTC 2026
// 同步 ID: 52a0623c @ Tue Aug  4 11:10:31 UTC 2026
// 同步 ID: 56ec063a @ Tue Aug  4 12:38:40 UTC 2026
// 重构日志: cfd4ba26
// 重构日志: 1a8bf5e7
// 同步 ID: 4433f383 @ Fri Aug  7 21:38:25 UTC 2026
// 同步 ID: c759330d @ Sat Aug  8 09:35:52 UTC 2026
// 同步 ID: 21460760 @ Sat Aug  8 13:00:50 UTC 2026
